@@@ PREP init
creating primary keys...
done in 3.95 s (drop tables 0.03 s, create tables 0.02 s, client-side generate 2.47 s, vacuum 0.58 s, primary keys 0.85 s).
FATAL: `sysbench.cmdline.call_command' function failed: /usr/share/sysbench/oltp_common.lua:197: SQL error, errno = 0, state = '42P07': relation "sbtest1" already exists
@@@ THROUGHPUT pgbench c=1
pgbench (16.14 (Ubuntu 16.14-0ubuntu0.24.04.1), server 17.10 (Ubuntu 17.10-1.pgdg24.04+1))
starting vacuum...end.
transaction type: <builtin: TPC-B (sort of)>
scaling factor: 20
query mode: simple
number of clients: 1
number of threads: 1
maximum number of tries: 1
duration: 12 s
number of transactions actually processed: 2030
number of failed transactions: 0 (0.000%)
latency average = 5.903 ms
initial connection time = 19.091 ms
tps = 169.395704 (without initial connection time)
@@@ THROUGHPUT sysbench c=1
sysbench 1.0.20 (using system LuaJIT 2.1.0-beta3)

Running the test with following options:
Number of threads: 1
Initializing random number generator from current time


Initializing worker threads...

Threads started!

SQL statistics:
    queries performed:
        read:                            13384
        write:                           3824
        other:                           1912
        total:                           19120
    transactions:                        956    (79.59 per sec.)
    queries:                             19120  (1591.72 per sec.)
    ignored errors:                      0      (0.00 per sec.)
    reconnects:                          0      (0.00 per sec.)

General statistics:
    total time:                          12.0114s
    total number of events:              956

Latency (ms):
         min:                                    7.50
         avg:                                   12.55
         max:                                   24.72
         99th percentile:                       18.28
         sum:                                12002.44

Threads fairness:
    events (avg/stddev):           956.0000/0.00
    execution time (avg/stddev):   12.0024/0.00

@@@ THROUGHPUT pgbench c=8
pgbench (16.14 (Ubuntu 16.14-0ubuntu0.24.04.1), server 17.10 (Ubuntu 17.10-1.pgdg24.04+1))
starting vacuum...end.
transaction type: <builtin: TPC-B (sort of)>
scaling factor: 20
query mode: simple
number of clients: 8
number of threads: 2
maximum number of tries: 1
duration: 12 s
number of transactions actually processed: 16574
number of failed transactions: 0 (0.000%)
latency average = 5.751 ms
initial connection time = 99.990 ms
tps = 1391.000927 (without initial connection time)
@@@ THROUGHPUT sysbench c=8
sysbench 1.0.20 (using system LuaJIT 2.1.0-beta3)

Running the test with following options:
Number of threads: 8
Initializing random number generator from current time


Initializing worker threads...

Threads started!

SQL statistics:
    queries performed:
        read:                            105434
        write:                           30118
        other:                           15062
        total:                           150614
    transactions:                        7528   (626.34 per sec.)
    queries:                             150614 (12531.36 per sec.)
    ignored errors:                      3      (0.25 per sec.)
    reconnects:                          0      (0.00 per sec.)

General statistics:
    total time:                          12.0181s
    total number of events:              7528

Latency (ms):
         min:                                    8.95
         avg:                                   12.76
         max:                                   49.36
         99th percentile:                       24.38
         sum:                                96040.62

Threads fairness:
    events (avg/stddev):           941.0000/3.20
    execution time (avg/stddev):   12.0051/0.01

@@@ THROUGHPUT pgbench c=16
pgbench (16.14 (Ubuntu 16.14-0ubuntu0.24.04.1), server 17.10 (Ubuntu 17.10-1.pgdg24.04+1))
starting vacuum...end.
transaction type: <builtin: TPC-B (sort of)>
scaling factor: 20
query mode: simple
number of clients: 16
number of threads: 2
maximum number of tries: 1
duration: 12 s
number of transactions actually processed: 25661
number of failed transactions: 0 (0.000%)
latency average = 7.400 ms
initial connection time = 160.265 ms
tps = 2162.261729 (without initial connection time)
@@@ THROUGHPUT sysbench c=16
sysbench 1.0.20 (using system LuaJIT 2.1.0-beta3)

Running the test with following options:
Number of threads: 16
Initializing random number generator from current time


Initializing worker threads...

Threads started!

SQL statistics:
    queries performed:
        read:                            148442
        write:                           42392
        other:                           21214
        total:                           212048
    transactions:                        10597  (880.26 per sec.)
    queries:                             212048 (17614.10 per sec.)
    ignored errors:                      6      (0.50 per sec.)
    reconnects:                          0      (0.00 per sec.)

General statistics:
    total time:                          12.0377s
    total number of events:              10597

Latency (ms):
         min:                                   11.40
         avg:                                   18.14
         max:                                   51.44
         99th percentile:                       30.26
         sum:                               192180.05

Threads fairness:
    events (avg/stddev):           662.3125/3.70
    execution time (avg/stddev):   12.0113/0.01

@@@ THROUGHPUT pgbench c=32
pgbench (16.14 (Ubuntu 16.14-0ubuntu0.24.04.1), server 17.10 (Ubuntu 17.10-1.pgdg24.04+1))
starting vacuum...end.
transaction type: <builtin: TPC-B (sort of)>
scaling factor: 20
query mode: simple
number of clients: 32
number of threads: 2
maximum number of tries: 1
duration: 12 s
number of transactions actually processed: 30422
number of failed transactions: 0 (0.000%)
latency average = 12.349 ms
initial connection time = 318.493 ms
tps = 2591.268273 (without initial connection time)
@@@ THROUGHPUT sysbench c=32
sysbench 1.0.20 (using system LuaJIT 2.1.0-beta3)

Running the test with following options:
Number of threads: 32
Initializing random number generator from current time


Initializing worker threads...

Threads started!

SQL statistics:
    queries performed:
        read:                            198338
        write:                           56616
        other:                           28360
        total:                           283314
    transactions:                        14154  (1173.12 per sec.)
    queries:                             283314 (23481.85 per sec.)
    ignored errors:                      13     (1.08 per sec.)
    reconnects:                          0      (0.00 per sec.)

General statistics:
    total time:                          12.0643s
    total number of events:              14154

Latency (ms):
         min:                                   11.31
         avg:                                   27.18
         max:                                   70.37
         99th percentile:                       47.47
         sum:                               384679.64

Threads fairness:
    events (avg/stddev):           442.3125/11.35
    execution time (avg/stddev):   12.0212/0.02

@@@ DONE
