@@@ PREP aggressor
done in 5.11 s (drop tables 0.00 s, create tables 0.02 s, client-side generate 2.99 s, vacuum 0.66 s, primary keys 1.45 s).
@@@ NOISY sysbench alone
sysbench 1.0.20 (using system LuaJIT 2.1.0-beta3)

Running the test with following options:
Number of threads: 16
Initializing random number generator from current time


Initializing worker threads...

Threads started!

SQL statistics:
    queries performed:
        read:                            326060
        write:                           93132
        other:                           46598
        total:                           465790
    transactions:                        23285  (775.18 per sec.)
    queries:                             465790 (15506.54 per sec.)
    ignored errors:                      5      (0.17 per sec.)
    reconnects:                          0      (0.00 per sec.)

General statistics:
    total time:                          30.0372s
    total number of events:              23285

Latency (ms):
         min:                                   11.76
         avg:                                   20.62
         max:                                  239.42
         99th percentile:                       36.24
         sum:                               480137.04

Threads fairness:
    events (avg/stddev):           1455.3125/13.80
    execution time (avg/stddev):   30.0086/0.01

@@@ NOISY aggressor-run
@@@ NOISY sysbench attack
sysbench 1.0.20 (using system LuaJIT 2.1.0-beta3)

Running the test with following options:
Number of threads: 16
Initializing random number generator from current time


Initializing worker threads...

Threads started!

SQL statistics:
    queries performed:
        read:                            193648
        write:                           55306
        other:                           27678
        total:                           276632
    transactions:                        13828  (459.96 per sec.)
    queries:                             276632 (9201.52 per sec.)
    ignored errors:                      4      (0.13 per sec.)
    reconnects:                          0      (0.00 per sec.)

General statistics:
    total time:                          30.0625s
    total number of events:              13828

Latency (ms):
         min:                                   14.31
         avg:                                   34.73
         max:                                  245.37
         99th percentile:                       62.19
         sum:                               480300.04

Threads fairness:
    events (avg/stddev):           864.2500/4.29
    execution time (avg/stddev):   30.0188/0.02

@@@ NOISY aggressor-summary
progress: 10.0 s, 2112.9 tps, lat 21.362 ms stddev 13.407, 0 failed
progress: 20.0 s, 1561.2 tps, lat 30.599 ms stddev 16.811, 0 failed
progress: 30.0 s, 1602.9 tps, lat 29.811 ms stddev 16.740, 0 failed
progress: 40.0 s, 2580.2 tps, lat 18.553 ms stddev 13.018, 0 failed
progress: 50.0 s, 3522.2 tps, lat 13.580 ms stddev 8.030, 0 failed
tps = 2294.663524 (without initial connection time)
@@@ DONE
